// Jest Snapshot v1, https://goo.gl/fbAQLP

exports[`EditApp renders 1`] = `
<DocumentFragment>
  <div
    class="tools-control-group"
  >
    <div
      class="control-menu-level-1-heading"
    >
      new-app
    </div>
  </div>
  <div
    class="mt-4 container-fluid container-fluid-max-lg"
  >
    <div
      class="card card-root mb-0 shadowless-card"
    >
      <div
        class="align-items-center bg-transparent card-header d-flex justify-content-between"
      >
        <div
          class="dropdown localizable-dropdown mr-1"
        >
          <button
            class="dropdown-toggle btn btn-monospaced btn-secondary"
            symbol="en-US"
            type="button"
          >
            <span
              class="inline-item"
            >
              <svg
                class="lexicon-icon lexicon-icon-en-us"
                role="presentation"
              >
                <use
                  xlink:href="#en-us"
                />
              </svg>
            </span>
            <span
              class="btn-section"
            >
              en-US
            </span>
          </button>
        </div>
        <li
          class="tbar-item tbar-item-expand"
        >
          <div
            class="tbar-section"
          >
            <div
              class="input-group"
            >
              <div
                class="input-group-item"
              >
                <input
                  aria-label="untitled-app"
                  class="form-control form-control-inline"
                  maxlength="30"
                  placeholder="untitled-app"
                  type="text"
                  value=""
                />
              </div>
            </div>
          </div>
        </li>
      </div>
      <h4
        class="card-divider mb-4"
      />
      <div
        class="card-body p-0 shadowless-card-body"
      >
        <div
          class="row"
        >
          <div
            class="col"
          >
            <ol
              class="multi-step-nav multi-step-indicator-label-bottom multi-step-nav-collapse-sm"
            >
              <li
                class="multi-step-item active multi-step-item-expand"
              >
                <div
                  class="multi-step-divider"
                />
                <div
                  class="multi-step-indicator"
                >
                  <button
                    class="multi-step-icon"
                    type="button"
                  >
                    1
                  </button>
                </div>
              </li>
              <li
                class="multi-step-item multi-step-item-expand"
              >
                <div
                  class="multi-step-divider"
                />
                <div
                  class="multi-step-indicator"
                >
                  <button
                    class="multi-step-icon"
                    type="button"
                  >
                    2
                  </button>
                </div>
              </li>
              <li
                class="multi-step-item multi-step-item-expand"
              >
                <div
                  class="multi-step-divider"
                />
                <div
                  class="multi-step-indicator"
                >
                  <button
                    class="multi-step-icon"
                    type="button"
                  >
                    3
                  </button>
                </div>
              </li>
              <li
                class="multi-step-item"
              >
                <div
                  class="multi-step-divider"
                />
                <div
                  class="multi-step-indicator"
                >
                  <button
                    class="multi-step-icon"
                    type="button"
                  >
                    4
                  </button>
                </div>
              </li>
            </ol>
          </div>
        </div>
        <div
          class="mb-4 pl-4 pr-4 autofit-row"
        >
          <div
            class="autofit-col autofit-col-expand"
          >
            <h2>
              select-a-form-view 
            </h2>
          </div>
        </div>
        <div
          class="mb-4 pl-4 pr-4 autofit-row"
        >
          <div
            class="mr-2 autofit-col autofit-col-expand"
          >
            <div
              class="input-group"
            >
              <div
                class="input-group-item"
              >
                <input
                  aria-label="search"
                  class="form-control input-group-inset input-group-inset-after"
                  placeholder="search..."
                  type="text"
                  value=""
                />
                <div
                  class="input-group-inset-item input-group-inset-item-after"
                >
                  <button
                    class="btn btn-monospaced btn-unstyled"
                    type="button"
                  >
                    <svg
                      class="lexicon-icon lexicon-icon-search"
                      role="presentation"
                    >
                      <use
                        xlink:href="#search"
                      />
                    </svg>
                  </button>
                </div>
              </div>
            </div>
          </div>
        </div>
        <div
          class="pl-4 pr-4 scrollable-container autofit-row"
        >
          <div
            class="autofit-col autofit-col-expand"
          >
            <div
              class="taglib-empty-result-message"
            >
              <div
                class="text-center"
              >
                <div
                  class="taglib-empty-state"
                />
                <h1
                  class="taglib-empty-result-message-title"
                >
                  there-are-no-form-views-yet
                </h1>
                <p
                  class="empty-message-color taglib-empty-result-message-description"
                >
                  create-one-or-more-forms-to-display-the-data-held-in-your-data-object
                </p>
              </div>
            </div>
          </div>
        </div>
      </div>
      <h4
        class="card-divider"
      />
      <div
        class="bg-transparent card-footer"
      >
        <div
          class="autofit-row"
        >
          <div
            class="col-md-4"
          >
            <button
              class="btn btn-secondary"
              type="button"
            >
              cancel
            </button>
          </div>
          <div
            class="offset-md-4 text-right col-md-4"
          >
            <button
              class="btn btn-primary"
              disabled=""
              type="button"
            >
              next
            </button>
          </div>
        </div>
      </div>
    </div>
  </div>
</DocumentFragment>
`;
